// Jest Snapshot v1, https://goo.gl/fbAQLP

exports[`List Of Cars Component rendered successfully! 1`] = `
<div>
  <div
    class="container"
  >
    <div
      class="row"
    >
      <div
        class="col-md-8"
      />
      <div
        class="col-md-4 text-right"
      >
        <a
          href="/create"
        >
          <button
            class="btn btn-primary"
            type="button"
          >
            Create New Car
          </button>
        </a>
      </div>
    </div>
    <div>
      <div
        class="table-responsive"
      >
        <table
          class="table table-striped table-hover"
        >
          <thead>
            <tr>
              <th
                scope="col"
              >
                Make
              </th>
              <th
                scope="col"
              >
                Model
              </th>
              <th
                scope="col"
              >
                Colour
              </th>
              <th
                scope="col"
              >
                Year
              </th>
            </tr>
          </thead>
          <tbody>
            <tr>
              <td>
                <a
                  href="/detail/1"
                >
                  Puma
                </a>
              </td>
              <td>
                <a
                  href="/detail/1"
                >
                  Ford
                </a>
              </td>
              <td>
                Black
              </td>
              <td>
                2009
              </td>
              <td>
                <a
                  href="/edit/1"
                >
                  <i
                    class="bi bi-pencil-square"
                  />
                </a>
              </td>
              <td>
                <i
                  class="bi bi-x-circle-fill"
                />
              </td>
            </tr>
          </tbody>
        </table>
      </div>
    </div>
  </div>
</div>
`;
